0 verbose cli C:\Program Files\nodejs\node.exe C:\Program Files\nodejs\node_modules\npm\bin\npm-cli.js
1 info using npm@10.7.0
2 info using node@v22.2.0
3 silly config:load:file:C:\Program Files\nodejs\node_modules\npm\npmrc
4 silly config:load:file:C:\FUENTESWEB\09-GENERADOR-PROMPTS\.npmrc
5 silly config:load:file:C:\Users\Alex-pc\.npmrc
6 silly config:load:file:C:\Users\Alex-pc\AppData\Roaming\npm\etc\npmrc
7 verbose title npm view next version
8 verbose argv "view" "next" "version" "--loglevel" "verbose" "--cache" ".npm-cache"
9 verbose logfile logs-max:10 dir:C:\FUENTESWEB\09-GENERADOR-PROMPTS\.npm-cache\_logs\2026-07-31T19_05_20_142Z-
10 verbose logfile C:\FUENTESWEB\09-GENERADOR-PROMPTS\.npm-cache\_logs\2026-07-31T19_05_20_142Z-debug-0.log
11 silly logfile done cleaning log files
12 http fetch GET https://registry.npmjs.org/next attempt 1 failed with UNABLE_TO_VERIFY_LEAF_SIGNATURE
13 http fetch GET https://registry.npmjs.org/npm attempt 1 failed with UNABLE_TO_VERIFY_LEAF_SIGNATURE
14 http fetch GET https://registry.npmjs.org/next attempt 2 failed with UNABLE_TO_VERIFY_LEAF_SIGNATURE
15 http fetch GET https://registry.npmjs.org/npm attempt 2 failed with UNABLE_TO_VERIFY_LEAF_SIGNATURE
16 http fetch GET https://registry.npmjs.org/next attempt 3 failed with UNABLE_TO_VERIFY_LEAF_SIGNATURE
17 verbose type system
18 verbose stack FetchError: request to https://registry.npmjs.org/next failed, reason: unable to verify the first certificate
18 verbose stack     at ClientRequest.<anonymous> (C:\Program Files\nodejs\node_modules\npm\node_modules\minipass-fetch\lib\index.js:130:14)
18 verbose stack     at ClientRequest.emit (node:events:520:28)
18 verbose stack     at _destroy (node:_http_client:882:13)
18 verbose stack     at onSocketNT (node:_http_client:902:5)
18 verbose stack     at process.processTicksAndRejections (node:internal/process/task_queues:83:21)
19 verbose cwd C:\FUENTESWEB\09-GENERADOR-PROMPTS
20 verbose Windows_NT 10.0.26200
21 verbose node v22.2.0
22 verbose npm  v10.7.0
23 error code UNABLE_TO_VERIFY_LEAF_SIGNATURE
24 error errno UNABLE_TO_VERIFY_LEAF_SIGNATURE
25 error request to https://registry.npmjs.org/next failed, reason: unable to verify the first certificate
26 verbose exit 1
27 verbose code 1
28 error A complete log of this run can be found in: C:\FUENTESWEB\09-GENERADOR-PROMPTS\.npm-cache\_logs\2026-07-31T19_05_20_142Z-debug-0.log
